h2 + p => ["p:p1"]
p + p => ["p:p2 bold", "p:"]
h2 ~ p => ["p:p1", "p:p2 bold", "p:p3", "p:"]
span ~ p => ["p:p3", "p:"]
div > p + span => ["span:s1"]
h2 ~ .y => ["p:p3", "p:"]
li:first-child => ["li:l1", "li:only"]
li:last-child => ["li:l7", "li:only"]
li:only-child => ["li:only"]
p:first-of-type => ["p:p1"]
p:last-of-type => ["p:"]
span:only-of-type => ["span:s1"]
li:nth-child(2) => ["li:l2"]
li:nth-child(odd) => ["li:l1", "li:l3", "li:l5", "li:l7", "li:only"]
li:nth-child(even) => ["li:l2", "li:l4", "li:l6"]
li:nth-child(3n) => ["li:l3", "li:l6"]
li:nth-child(3n+1) => ["li:l1", "li:l4", "li:l7", "li:only"]
li:nth-child(-n+3) => ["li:l1", "li:l2", "li:l3", "li:only"]
li:nth-child(n+5) => ["li:l5", "li:l6", "li:l7"]
li:nth-child(2n-1) => ["li:l1", "li:l3", "li:l5", "li:l7", "li:only"]
li:nth-child( 2n + 1 ) => ["li:l1", "li:l3", "li:l5", "li:l7", "li:only"]
li:nth-last-child(2) => ["li:l6"]
li:nth-last-child(odd) => ["li:l1", "li:l3", "li:l5", "li:l7", "li:only"]
p:nth-of-type(2) => ["p:p2 bold"]
p:nth-of-type(2n) => ["p:p2 bold", "p:"]
p:nth-last-of-type(1) => ["p:"]
p:nth-last-of-type(2) => ["p:p3"]
p:empty => ["p:"]
p:parent => ["p:p1", "p:p2 bold", "p:p3"]
:root => ["html:Head\n  p1\n  p2 bold\n  s1\n  p3\n  \n\n\n  l1l2l3l4l5l6l7\n\nonly\ninout"]
li:not(.x) => ["li:l1", "li:l3", "li:l5", "li:l6", "li:l7", "li:only"]
p:not([class]) => ["p:p2 bold"]
p:not(.x.y) => ["p:p1", "p:p2 bold", "p:"]
li:not(:first-child) => ["li:l2", "li:l3", "li:l4", "li:l5", "li:l6", "li:l7"]
:not(li):not(p):not(input):not(a):not(html):not(body):not(div):not(ul):not(ol):not(form):not(span):not(head) => ["h2:Head", "b:bold"]
p:contains('p2') => ["p:p2 bold"]
p:contains("p") => ["p:p1", "p:p2 bold", "p:p3"]
li:first => ["li:l1", "li:only"]
li:last => ["li:l7", "li:only"]
li:eq(3) => ["li:l3"]
li:nth(3) => ["li:l3"]
li:gt(5) => ["li:l6", "li:l7"]
div:has(b) => ["div:Head\n  p1\n  p2 bold\n  s1\n  p3"]
div:has(> span) => ["div:Head\n  p1\n  p2 bold\n  s1\n  p3"]
p:has(b) => ["p:p2 bold"]
li.x:first => []
li.x:first-of-type => ["li:l2"]
li.x:nth-of-type(2) => ["li:l4"]
li.x:last => []
p.x:first-child => []
*:first-child => ["html:Head\n  p1\n  p2 bold\n  s1\n  p3\n  \n\n\n  l1l2l3l4l5l6l7\n\nonly\ninout", "body:Head\n  p1\n  p2 bold\n  s1\n  p3\n  \n\n\n  l1l2l3l4l5l6l7\n\nonly\ninout", "div:Head\n  p1\n  p2 bold\n  s1\n  p3", "h2:Head", "b:bold", "li:l1", "li:only", "input:"]
div > :first-child => ["h2:Head"]
a[href]:not([href^="http"]) => ["a:in"]
a[href!='/in'] => ["a:out"]
p[class~="y"]:last-child => ["p:"]
ul li:nth-child(2), ol li => ["li:l2", "li:only"]
7
["l2", "l4"]
["p1"]
4
["bold"]
li:even => ERROR: Unregistered function: //li[nokogiri:even(.)]
input:checked => ERROR: Unregistered function: //input[nokogiri:checked(.)]
li:lt(2) => ERROR: Unregistered function: //li[nokogiri:lt(.,2)]
1
1
2
["b", "c"]
1
