"https://img.test/i.png"
"/fallback.png"
nil
"https://wm.test/endpoint"
"/old"
true
[["og:title", "The Title"], ["og:image", "https://img.test/i.png"], ["og:description", "Desc \"q\""]]
"A & B — café"
["p:one two l1", "li:i2"]
2
["<b>two</b>"]
["i1", "i2"]
["/s.css", "/l1", "/old"]
"a b"
true
nil
["class"]
2
2
5
["li", "li"]
"<p class=\"x\">one two <a href=\"/l1\">l1</a></p>"
"<li>&lt;script&gt;x&lt;/script&gt; &amp; more</li>\n"
"<p class=\"x\">one two <a href=\"/l1\">l1</a></p>\n<ul>\n<li>&lt;script&gt;x&lt;/script&gt; &amp; more</li>\n<li class=\"x\">i2</li>\n</ul>\n<p>two<br>three <a href=\"/new\">new</a></p>"
"<strong class=\"x\">one two <a href=\"/l1\">l1</a></strong>"
"<!DOCTYPE html PUBLIC \"-//W3C//DTD HTML 4.0 Transitional//EN\" \"http://www.w3.org/TR/REC-html40/loose.dtd\">\n<html><body><p>x</p></body></html>\n"
"<!DOCTYPE html PUBLIC \"-//W3C//DTD HTML 4.0 Transitional//EN\" \"http://www.w3.org/TR/REC-html40/loose.dtd\">\n\n"
"<p>plain text</p>"
"<p>unclosed <b>bold</b></p>"
"<table><td>cell</td></table>"
" ©😀&lt;&gt;&amp;"
false
true
syntax error raised
